[backblue.gif]
[fade.gif]
[index.html]
[song-spells.com/img/carousel/ariel.jpg]
[song-spells.com/img/carousel/jasmine.jpg]
[song-spells.com/img/carousel/rapunzel.jpg]
[song-spells.com/img/carousel/moana.jpg]
[song-spells.com/img/carousel/tiana.jpg]
[song-spells.com/img/carousel/sofia.jpg]
[song-spells.com/img/carousel/aurora.jpg]
[song-spells.com/img/carousel/snow-white.jpg]
[song-spells.com/img/carousel/belle.jpg]
[song-spells.com/img/carousel/cinderella.jpg]
[song-spells.com/img/gallery/cinderella/01.jpg]
[song-spells.com/img/gallery/ariel/01.jpg]
[song-spells.com/img/gallery/belle/01.jpg]
[song-spells.com/img/gallery/group1.jpg]
[song-spells.com/img/gallery/sofia1.jpg]
[song-spells.com/img/gallery/moana/01.jpg]
[song-spells.com/img/gallery/rapunzel/01.jpg]
[song-spells.com/img/gallery/snow-white/01.jpg]
[song-spells.com/img/gallery/jasmine/01.jpg]
[song-spells.com/img/gallery/group2.jpg]
[song-spells.com/img/gallery/cinderella/thumbs/01.jpg]
[song-spells.com/img/gallery/ariel/thumbs/01.jpg]
[song-spells.com/img/gallery/belle/thumbs/01.jpg]
[song-spells.com/img/gallery/group1-thumb.jpg]
[song-spells.com/img/gallery/sofia1thumb.jpg]
[song-spells.com/img/gallery/moana/thumbs/01.jpg]
[song-spells.com/img/gallery/rapunzel/01-thumb.jpg]
[song-spells.com/img/gallery/snow-white/01-thumb.jpg]
[song-spells.com/img/gallery/jasmine/01-thumb.jpg]
[song-spells.com/img/gallery/group2-thumb.jpg]
[song-spells.com/img/cta/cta-group.jpg]
[song-spells.com/js/scripts.min.js]
[cdnjs.cloudflare.com/ajax/libs/fastclick/1.0.6/fastclick.min.js]
[song-spells.com/index.html]
[cdnjs.cloudflare.com/ajax/libs/jquery-easing/1.4.1/jquery.easing.min.js]
[song-spells.com/img/bg-masthead-2.jpg]
[png-4.findicons.com/files/icons/2315/default_icon/256/media_play_pause_resume.png]
[song-spells.com/img/bg-icons.png]
[song-spells.com/css/styles.css]
[song-spells.com/vendor/fontawesome-pro/webfonts/fa-brands-400.eot]
[song-spells.com/vendor/fontawesome-pro/webfonts/fa-brands-400d41d.eot]
[song-spells.com/vendor/fontawesome-pro/webfonts/fa-brands-400.woff2]
[song-spells.com/vendor/fontawesome-pro/webfonts/fa-brands-400.woff]
[song-spells.com/vendor/fontawesome-pro/webfonts/fa-brands-400.ttf]
[song-spells.com/vendor/fontawesome-pro/webfonts/fa-light-300.eot]
[song-spells.com/vendor/fontawesome-pro/webfonts/fa-light-300d41d.eot]
[song-spells.com/vendor/fontawesome-pro/webfonts/fa-light-300.woff2]
[song-spells.com/vendor/fontawesome-pro/webfonts/fa-light-300.woff]
[song-spells.com/vendor/fontawesome-pro/webfonts/fa-light-300.ttf]
[song-spells.com/vendor/fontawesome-pro/webfonts/fa-regular-400.eot]
[song-spells.com/vendor/fontawesome-pro/webfonts/fa-regular-400d41d.eot]
[song-spells.com/vendor/fontawesome-pro/webfonts/fa-regular-400.woff2]
[song-spells.com/vendor/fontawesome-pro/webfonts/fa-regular-400.woff]
[song-spells.com/vendor/fontawesome-pro/webfonts/fa-regular-400.ttf]
[song-spells.com/vendor/fontawesome-pro/webfonts/fa-solid-900.eot]
[song-spells.com/vendor/fontawesome-pro/webfonts/fa-solid-900d41d.eot]
[song-spells.com/vendor/fontawesome-pro/webfonts/fa-solid-900.woff2]
[song-spells.com/vendor/fontawesome-pro/webfonts/fa-solid-900.woff]
[song-spells.com/vendor/fontawesome-pro/webfonts/fa-solid-900.ttf]
[song-spells.com/vendor/fontawesome-pro/css/all.min.css]
[song-spells.com/img/logo.svg]
[song-spells.com/img/crown.svg]
[song-spells.com/img/belle.svg]
[song-spells.com/css/owl.video.play.html]
[song-spells.com/img/overlay.svg]
[song-spells.com/vendor/fontawesome-pro/webfonts/fa-brands-400.svg]
[song-spells.com/vendor/fontawesome-pro/webfonts/fa-light-300.svg]
[song-spells.com/vendor/fontawesome-pro/webfonts/fa-regular-400.svg]
[song-spells.com/vendor/fontawesome-pro/webfonts/fa-solid-900.svg]
